> Task :app:preBuild UP-TO-DATE
> Task :app:preDebugBuild UP-TO-DATE
> Task :app:mergeDebugNativeDebugMetadata NO-SOURCE
> Task :app:generateDebugResources UP-TO-DATE
> Task :app:packageDebugResources UP-TO-DATE
> Task :app:processDebugNavigationResources UP-TO-DATE
> Task :app:parseDebugLocalResources UP-TO-DATE
> Task :app:generateDebugRFile UP-TO-DATE
> Task :app:compileDebugKotlin NO-SOURCE
> Task :app:javaPreCompileDebug UP-TO-DATE

> Task :app:compileDebugJavaWithJavac FAILED
.\gradlew : M:\NearNeed\app\src\main\java\com\example\
nearneed\CreateCommunityPostActivity.java:25: error: 
cannot find symbol
At line:1 char:1
+ .\gradlew assembleDebug > build_output.txt 2>&1; 
Get-Content -Tail 50 ...
+ ~~~~~~~~~~~~~~~~~~~~~~~~~~~~~~~~~~~~~~~~~~~~~~~
    + CategoryInfo          : NotSpecified: (M:\NearN 
   eed\app...not find symbol:String) [], RemoteExcep  
  tion
    + FullyQualifiedErrorId : NativeCommandError
 
                startActivity(new Intent(this, 
CreateCommunityPostStep2Activity.class));
                                  ^
  symbol:   class Intent
  location: class CreateCommunityPostActivity
Note: Some input files use or override a deprecated 
API.
Note: Recompile with -Xlint:deprecation for details.
1 error

[Incubating] Problems report is available at: file:///M:/NearNeed/build/reports/problems/problems-report.html

FAILURE: Build failed with an exception.

* What went wrong:
Execution failed for task 
':app:compileDebugJavaWithJavac'.
> Compilation failed; see the compiler output below.
  Note: Recompile with -Xlint:deprecation for details.
  M:\NearNeed\app\src\main\java\com\example\nearneed\C
reateCommunityPostActivity.java:25: error: cannot 
find symbol
                  startActivity(new Intent(this, 
CreateCommunityPostStep2Activity.class));
                                    ^
    symbol:   class Intent
    location: class CreateCommunityPostActivity
  Note: Some input files use or override a deprecated 
API.
  1 error

* Try:
> Check your code and dependencies to fix the 
compilation error(s)
> Run with --scan to get full insights from a Build 
Scan (powered by Develocity).

BUILD FAILED in 1s
7 actionable tasks: 1 executed, 6 up-to-date
